../Core/Src/main.c:84:5:main	8	static
../Core/Src/main.c:181:6:SystemClock_Config	96	static
../Core/Src/main.c:231:13:MX_ADC1_Init	48	static
../Core/Src/main.c:307:13:MX_TIM3_Init	40	static
../Core/Src/main.c:352:13:MX_USART2_UART_Init	8	static
../Core/Src/main.c:385:13:MX_DMA_Init	16	static
../Core/Src/main.c:403:13:MX_GPIO_Init	48	static
../Core/Src/main.c:445:13:PlatformMoveRight	16	static
../Core/Src/main.c:451:13:PlatformMoveLeft	16	static
../Core/Src/main.c:457:5:__io_putchar	24	static
../Core/Src/main.c:466:6:HAL_TIM_PeriodElapsedCallback	16	static
../Core/Src/main.c:485:6:Error_Handler	4	static,ignoring_inline_asm
