../Core/Src/main.c:74:5:main	8	static
../Core/Src/main.c:149:6:SystemClock_Config	96	static
../Core/Src/main.c:199:13:MX_ADC1_Init	48	static
../Core/Src/main.c:275:13:MX_USART2_UART_Init	8	static
../Core/Src/main.c:308:13:MX_DMA_Init	16	static
../Core/Src/main.c:326:13:MX_GPIO_Init	48	static
../Core/Src/main.c:358:13:PlatformMoveRight	16	static
../Core/Src/main.c:364:13:PlatformMoveLeft	16	static
../Core/Src/main.c:370:5:__io_putchar	24	static
../Core/Src/main.c:385:6:Error_Handler	4	static,ignoring_inline_asm
